<?xml version="1.0" encoding="utf-8"?><testsuites><testsuite errors="0" failures="0" hostname="ip-172-31-47-115" name="pytest" skipped="0" tests="5" time="16.637" timestamp="2024-02-09T20:16:28.037734"><testcase classname="test.integration.todoApiTest.TestApi" name="test_api_addtodo" time="5.405" /><testcase classname="test.integration.todoApiTest.TestApi" name="test_api_deletetodo" time="3.249" /><testcase classname="test.integration.todoApiTest.TestApi" name="test_api_gettodo" time="1.008" /><testcase classname="test.integration.todoApiTest.TestApi" name="test_api_listtodos" time="2.997" /><testcase classname="test.integration.todoApiTest.TestApi" name="test_api_updatetodo" time="3.619" /></testsuite></testsuites>